// Jest Snapshot v1, https://goo.gl/fbAQLP

exports[`Pruebas en <History /> debe mostrar el componente correctamente 1`] = `
<div
  className="history__content"
>
  <ul
    className="history__history"
  >
    <HistoryItem
      id={1}
      key="1"
      name="prueba 1"
    />
    <HistoryItem
      id={2}
      key="2"
      name="prueba 2"
    />
    <HistoryItem
      id={3}
      key="3"
      last={true}
      name="prueba 3"
    />
  </ul>
</div>
`;
