// Jest Snapshot v1, https://goo.gl/fbAQLP

exports[`Pruebas en <History/> debe mostrar el componente correctamente 1`] = `
<div
  className="history__content"
>
  <ul
    className="history__history"
  >
    <HistoryItem
      idHistory={1}
      key="1"
      nameHistory="Categoria"
    />
    <HistoryItem
      idHistory={2}
      key="2"
      nameHistory="Busqueda"
    />
    <HistoryItem
      idHistory={3}
      key="3"
      last={true}
      nameHistory="Producto"
    />
  </ul>
</div>
`;
